src/App.tsx(1,8): error TS6133: 'React' is declared but its value is never read.
src/App.tsx(53,15): error TS2607: JSX element class does not support attributes because it does not have a 'props' property.
src/App.tsx(53,16): error TS2786: 'Image' cannot be used as a JSX component.
  Its type 'new (width?: number | undefined, height?: number | undefined) => HTMLImageElement' is not a valid JSX element type.
    Type 'new (width?: number | undefined, height?: number | undefined) => HTMLImageElement' is not assignable to type 'new (props: any, context: any) => Component<any, any, any>'.
      Type 'HTMLImageElement' is missing the following properties from type 'Component<any, any, any>': context, setState, forceUpdate, render, and 2 more.
